../Core/Src/main.c:125:5:main	24	static
../Core/Src/main.c:542:6:SystemClock_Config	96	static
../Core/Src/main.c:587:13:MX_I2C2_Init	8	static
../Core/Src/main.c:635:13:MX_SPI1_Init	8	static
../Core/Src/main.c:675:13:MX_SPI2_Init	8	static
../Core/Src/main.c:714:13:MX_TIM1_Init	32	static
../Core/Src/main.c:760:13:MX_USART1_UART_Init	8	static
../Core/Src/main.c:793:13:MX_DMA_Init	16	static
../Core/Src/main.c:811:13:MX_GPIO_Init	48	static
../Core/Src/main.c:862:6:HAL_GPIO_EXTI_Callback	16	static
../Core/Src/main.c:891:6:Error_Handler	8	static,ignoring_inline_asm
