../Core/Src/main.c:97:5:main	8	static
../Core/Src/main.c:179:6:SystemClock_Config	96	static
../Core/Src/main.c:225:13:MX_I2C2_Init	8	static
../Core/Src/main.c:273:13:MX_SPI1_Init	8	static
../Core/Src/main.c:313:13:MX_SPI2_Init	8	static
../Core/Src/main.c:352:13:MX_USART1_UART_Init	8	static
../Core/Src/main.c:385:13:MX_DMA_Init	16	static
../Core/Src/main.c:403:13:MX_GPIO_Init	48	static
../Core/Src/main.c:453:6:HAL_GPIO_EXTI_Callback	16	static
../Core/Src/main.c:465:6:Error_Handler	8	static,ignoring_inline_asm
