../Core/Src/ssd1306.c:8:6:ssd1306_Reset	0	static
../Core/Src/ssd1306.c:13:6:ssd1306_WriteCommand	32	static
../Core/Src/ssd1306.c:18:6:ssd1306_WriteData	24	static
../Core/Src/ssd1306.c:62:17:ssd1306_FillBuffer	8	static
../Core/Src/ssd1306.c:174:6:ssd1306_Fill	8	static
../Core/Src/ssd1306.c:179:6:ssd1306_UpdateScreen	16	static
../Core/Src/ssd1306.c:200:6:ssd1306_DrawPixel	12	static
../Core/Src/ssd1306.c:221:6:ssd1306_WriteChar	64	static
../Core/Src/ssd1306.c:258:6:ssd1306_WriteString	40	static
../Core/Src/ssd1306.c:272:6:ssd1306_SetCursor	0	static
../Core/Src/ssd1306.c:278:6:ssd1306_Line	48	static
../Core/Src/ssd1306.c:305:6:ssd1306_Polyline	32	static
../Core/Src/ssd1306.c:341:6:ssd1306_DrawArc	72	static
../Core/Src/ssd1306.c:382:6:ssd1306_DrawArcWithRadiusLine	72	static
../Core/Src/ssd1306.c:427:6:ssd1306_DrawCircle	48	static
../Core/Src/ssd1306.c:463:6:ssd1306_FillCircle	40	static
../Core/Src/ssd1306.c:500:6:ssd1306_DrawRectangle	40	static
../Core/Src/ssd1306.c:510:6:ssd1306_FillRectangle	32	static
../Core/Src/ssd1306.c:524:17:ssd1306_InvertRectangle	40	static
../Core/Src/ssd1306.c:555:6:ssd1306_DrawBitmap	48	static
../Core/Src/ssd1306.c:581:6:ssd1306_SetContrast	8	static
../Core/Src/ssd1306.c:587:6:ssd1306_SetDisplayOn	8	static
../Core/Src/ssd1306.c:72:6:ssd1306_Init	8	static
../Core/Src/ssd1306.c:600:9:ssd1306_GetDisplayOn	0	static
