../Core/Src/stm32f0xx_hal_msp.c:66:6:HAL_MspInit	8	static
../Core/Src/stm32f0xx_hal_msp.c:89:6:HAL_I2C_MspInit	40	static
../Core/Src/stm32f0xx_hal_msp.c:126:6:HAL_I2C_MspDeInit	8	static
../Core/Src/stm32f0xx_hal_msp.c:157:6:HAL_SPI_MspInit	40	static
../Core/Src/stm32f0xx_hal_msp.c:194:6:HAL_SPI_MspDeInit	8	static
../Core/Src/stm32f0xx_hal_msp.c:223:6:HAL_TIM_Base_MspInit	16	static
../Core/Src/stm32f0xx_hal_msp.c:249:6:HAL_TIM_Base_MspDeInit	8	static
../Core/Src/stm32f0xx_hal_msp.c:274:6:HAL_UART_MspInit	48	static
../Core/Src/stm32f0xx_hal_msp.c:347:6:HAL_UART_MspDeInit	8	static
